ΓÜá `experimental.cacheComponents` has been moved to `cacheComponents`. Please update your next.config.ts file accordingly.
Γû▓ Next.js 16.1.6 (Turbopack, Cache Components)
- Environments: .env
- Experiments (use with caution):
  Γ£ô cacheComponents

  Creating an optimized production build ...
Γ£ô Compiled successfully in 5.9s
  Running TypeScript ...
  Collecting page data using 3 workers ...
  Generating static pages using 3 workers (0/12) ...
  Generating static pages using 3 workers (3/12) 
  Generating static pages using 3 workers (6/12) 
  Generating static pages using 3 workers (9/12) 
Γ£ô Generating static pages using 3 workers (12/12) in 2.1s
  Finalizing page optimization ...

Route (app)
Γöî Γùï /
Γö£ Γùï /_not-found
Γö£ Γùï /robots.txt
Γö£ ╞Æ /sitemap.xml
Γöö ΓùÉ /workout-safety/[country]/[state]/[city]
  Γö£ /workout-safety/[country]/[state]/[city]
  Γö£ /workout-safety/us/[state]/[city]
  Γö£ /workout-safety/us/new-york/[city]
  Γöö [+3 more paths]


Γùï  (Static)             prerendered as static content
ΓùÉ  (Partial Prerender)  prerendered as static HTML with dynamic server-streamed content
╞Æ  (Dynamic)            server-rendered on demand

